aaa
bbb
SSSSSSSSSSSSSSSSS
aaaaaaaaaaaaaa
